fledge doctor

  herdr_connectivity      ok
    socket responded to ping

  herdr_compatibility     ok
    version 0.9.1 · protocol 22 (expected 22)
    capabilities: live_handoff, health_check

  harness_installations   ok
    6 targets, 1 available
    available: opencode

  model_discovery         warn
    pi 0 · codex 0 · claude 0
    pi: harness not installed
    codex: harness not installed
    claude: harness not installed

  configuration           ok
    HERDR_ENV      1
    socket         /run/herdr.sock (0600)
    pane           w1:p2
    session        main
    cwd            /work/dir

  4 ok · 1 warn · 0 fail
