fledge doctor

  herdr_connectivity      ok
    socket responded to ping

  herdr_compatibility     ok
    version 0.9.1 · protocol 22 (expected 22)
    capabilities: live_handoff, health_check

  harness_installations   warn
    0 targets, none available

  model_discovery         warn
    pi 0 · codex 0 · claude 0
    pi: harness not installed
    codex: harness not installed
    claude: harness not installed

  configuration           warn
    HERDR_ENV      1
    socket         ~/.config/herdr/herdr.sock (mode 0644)
    pane           w1:p2
    session        -
    cwd            ~

  2 ok · 3 warn · 0 fail
